// Jest Snapshot v1, https://goo.gl/fbAQLP

exports[`LikedPage matches the snapshot 1`] = `
<DocumentFragment>
  <h2
    class="sc-bcXHqe uqvMk"
  >
    Вподобане:
  </h2>
  <div
    class="sc-dkrFOg klICsf"
  >
    <div
      class="sc-ftTHYK yrluS"
    >
      <img
        alt="jacket"
        height="350"
        src="https://static2.issaplus.com/wa-data/public/photos/96/45/4596/4596.970.jpg"
      />
      <div>
        <svg
          fill="#FFFFFF"
          stroke="red"
          viewBox="0 0 14 13"
          xmlns="http://www.w3.org/2000/svg"
        >
          <path
            d="M6.93804 1.15962C8.47954 -0.224381 10.8617 -0.178444 12.3467 1.30925C13.8312 2.79759 13.8823 5.16792 12.5016 6.71402L6.93672 12.2868L1.37314 6.71402C-0.00758263 5.16792 0.0442603 2.79366 1.52801 1.30925C3.01439 -0.176476 5.39194 -0.22635 6.93804 1.15962ZM11.4175 2.23651C10.4332 1.25084 8.84506 1.21081 7.81477 2.13611L6.93869 2.92228L6.06196 2.13676C5.02839 1.21015 3.44357 1.25084 2.45659 2.23782C1.4788 3.21562 1.42958 4.78074 2.33059 5.81497L6.93738 10.429L11.5442 5.81563C12.4458 4.78074 12.3966 3.21759 11.4175 2.23651Z"
            fill="white"
          />
        </svg>
      </div>
      <ul
        class="sc-pyfCe hXQHJ"
      >
        <li>
          Коричнева куртка
        </li>
        <li>
          3150 грн
        </li>
        <li>
          article:209385
        </li>
        <li>
          <button
            class="sc-ipEyDJ ipAkdK"
            data-testid="delete_button"
          >
            Додати в корзину
          </button>
        </li>
      </ul>
    </div>
  </div>
</DocumentFragment>
`;
